
> app-init@0.1.0 build
> next build

Γû▓ Next.js 16.2.4 (Turbopack)
- Environments: .env.local

  Creating an optimized production build ...
node.exe : Turbopack build encountered 3 warnings:
At line:1 char:1
+ & "C:\Program Files\nodejs/node.exe" "C:\Program Files\nodejs/node_mo ...
+ ~~~~~~~~~~~~~~~~~~~~~~~~~~~~~~~~~~~~~~~~~~~~~~~~~~~~~~~~~~~~~~~~~~~~~
    + CategoryInfo          : NotSpecified: (Turbopack build encountered 3 warnings::String) [], RemoteException
    + FullyQualifiedErrorId : NativeCommandError
 
./src/lib/data/data-loader.ts:126:36
A Node.js API is used (process.cwd at line: 126) which is not supported in the Edge Runtime.
    Learn more: https://nextjs.org/docs/api-reference/edge-runtime
  [90m124 |[0m         [36mconst[0m fs = [36mawait[0m [36mimport[0m([32m"fs"[0m);
  [90m125 |[0m         [36mconst[0m path = [36mawait[0m [36mimport[0m([32m"path"[0m);
[31m[1m>[0m [90m126 |[0m         [36mconst[0m filePath = path.join(process.cwd(), 
[32m"public/data/laws/in"[0m, [32m`[0m${stateCode[32m}.js...[0m
  [90m    |[0m                                    [31m[1m^^^^^^^^^^^[0m
  [90m127 |[0m         [36mconst[0m content = fs.readFileSync(filePath, [32m"utf-8"[0m);
  [90m128 |[0m         [36mreturn[0m [33mJSON[0m.parse(content);
  [90m129 |[0m       } [36mcatch[0m (e) {

Ecmascript file had an error

Import traces:
  Client Component Browser:
    ./src/lib/data/data-loader.ts [Client Component Browser]
    ./src/app/ask/page.tsx [Client Component Browser]
    ./src/app/ask/page.tsx [Server Component]

  Client Component SSR:
    ./src/lib/data/data-loader.ts [Client Component SSR]
    ./src/app/ask/page.tsx [Client Component SSR]
    ./src/app/ask/page.tsx [Server Component]

  Edge App Route:
    ./src/lib/data/data-loader.ts
    ./src/lib/llm/router.ts
    ./src/app/api/ask/route.ts


./src/lib/data/data-loader.ts:124:26
A Node.js module is loaded ('fs' at line 124) which is not supported in the Edge Runtime.
    Learn More: https://nextjs.org/docs/messages/node-module-in-edge-runtime
  [90m122 |[0m       [90m// In Node environment (benchmarking scripts), load from local file system[0m
  [90m123 |[0m       [36mtry[0m {
[31m[1m>[0m [90m124 |[0m         [36mconst[0m fs = [36mawait[0m [36mimport[0m([32m"fs"[0m);
  [90m    |[0m                          [31m[1m^^^^^^^^^^^^[0m
  [90m125 |[0m         [36mconst[0m path = [36mawait[0m [36mimport[0m([32m"path"[0m);
  [90m126 |[0m         [36mconst[0m filePath = path.join(process.cwd(), [32m"public/data/laws/in"[0m, 
[32m`[0m${stateCode[32m}.js...[0m
  [90m127 |[0m         [36mconst[0m content = fs.readFileSync(filePath, [32m"utf-8"[0m);

Ecmascript file had an error

Import traces:
  Client Component Browser:
    ./src/lib/data/data-loader.ts [Client Component Browser]
    ./src/app/ask/page.tsx [Client Component Browser]
    ./src/app/ask/page.tsx [Server Component]

  Client Component SSR:
    ./src/lib/data/data-loader.ts [Client Component SSR]
    ./src/app/ask/page.tsx [Client Component SSR]
    ./src/app/ask/page.tsx [Server Component]

  Edge App Route:
    ./src/lib/data/data-loader.ts
    ./src/lib/llm/router.ts
    ./src/app/api/ask/route.ts


./src/lib/data/data-loader.ts:125:28
A Node.js module is loaded ('path' at line 125) which is not supported in the Edge Runtime.
    Learn More: https://nextjs.org/docs/messages/node-module-in-edge-runtime
  [90m123 |[0m       [36mtry[0m {
  [90m124 |[0m         [36mconst[0m fs = [36mawait[0m [36mimport[0m([32m"fs"[0m);
[31m[1m>[0m [90m125 |[0m         [36mconst[0m path = [36mawait[0m [36mimport[0m([32m"path"[0m);
  [90m    |[0m                            [31m[1m^^^^^^^^^^^^^^[0m
  [90m126 |[0m         [36mconst[0m filePath = path.join(process.cwd(), [32m"public/data/laws/in"[0m, 
[32m`[0m${stateCode[32m}.js...[0m
  [90m127 |[0m         [36mconst[0m content = fs.readFileSync(filePath, [32m"utf-8"[0m);
  [90m128 |[0m         [36mreturn[0m [33mJSON[0m.parse(content);

Ecmascript file had an error

Import traces:
  Client Component Browser:
    ./src/lib/data/data-loader.ts [Client Component Browser]
    ./src/app/ask/page.tsx [Client Component Browser]
    ./src/app/ask/page.tsx [Server Component]

  Client Component SSR:
    ./src/lib/data/data-loader.ts [Client Component SSR]
    ./src/app/ask/page.tsx [Client Component SSR]
    ./src/app/ask/page.tsx [Server Component]

  Edge App Route:
    ./src/lib/data/data-loader.ts
    ./src/lib/llm/router.ts
    ./src/app/api/ask/route.ts



> Build error occurred
Error: Turbopack build failed with 3 errors:
./src/app/ask/page.tsx:17:1
Module not found: Can't resolve '@/components/social/WhatsAppShare'
  [90m15 |[0m [36mimport[0m { cn } [36mfrom[0m [32m"@/lib/utils/cn"[0m;
  [90m16 |[0m [36mimport[0m { animations } [36mfrom[0m [32m"@/lib/animations"[0m;
[31m[1m>[0m [90m17 |[0m [36mimport[0m { [33mWhatsAppShare[0m } [36mfrom[0m 
[32m"@/components/social/WhatsAppShare"[0m;
  [90m   |[0m [31m[1m^^^^^^^^^^^^^^^^^^^^^^^^^^^^^^^^^^^^^^^^^^^^^^^^^^^^^^^^^^^^^^^^^^[0m
  [90m18 |[0m [36mimport[0m { useOfflineStatus } [36mfrom[0m [32m"@/hooks/useOfflineStatus"[0m;
  [90m19 |[0m [36mimport[0m { playFeedback } [36mfrom[0m [32m"@/lib/utils/feedback"[0m;
  [90m20 |[0m [36mimport[0m { [33mSpeechNarrator[0m } [36mfrom[0m [32m"@/components/ui/SpeechNarrator"[0m;

Import map: aliased to relative './src/components/social/WhatsAppShare' inside of [project]/


Import traces:
  Client Component Browser:
    ./src/app/ask/page.tsx [Client Component Browser]
    ./src/app/ask/page.tsx [Server Component]

  Client Component SSR:
    ./src/app/ask/page.tsx [Client Component SSR]
    ./src/app/ask/page.tsx [Server Component]

https://nextjs.org/docs/messages/module-not-found


./src/app/api/simulate/route.ts:3:1
Module not found: Can't resolve '@google/generative-ai'
  [90m1 |[0m [36mimport[0m { [33mNextResponse[0m } [36mfrom[0m [32m'next/server'[0m;
  [90m2 |[0m [36mimport[0m { createClient } [36mfrom[0m [32m'@/lib/supabase/server'[0m;
[31m[1m>[0m [90m3 |[0m [36mimport[0m { [33mGoogleGenerativeAI[0m } [36mfrom[0m 
[32m'@google/generative-ai'[0m;
  [90m  |[0m [31m[1m^^^^^^^^^^^^^^^^^^^^^^^^^^^^^^^^^^^^^^^^^^^^^^^^^^^^^^^^^^^[0m
  [90m4 |[0m
  [90m5 |[0m [90m// Soft rate limit memory store[0m
  [90m6 |[0m [36mconst[0m rateLimitMap = [36mnew[0m [33mMap[0m<string, { count: number, resetAt: number }>();



https://nextjs.org/docs/messages/module-not-found


./src/lib/llm/gemini.ts:1:1
Module not found: Can't resolve '@google/generative-ai'
[31m[1m>[0m [90m1 |[0m [36mimport[0m { [33mGoogleGenerativeAI[0m, [33mSchemaType[0m } [36mfrom[0m 
[32m"@google/generative-ai"[0m;
  [90m  |[0m [31m[1m^^^^^^^^^^^^^^^^^^^^^^^^^^^^^^^^^^^^^^^^^^^^^^^^^^^^^^^^^^^^^^^^^^^^^^^[0m
  [90m2 |[0m [36mimport[0m { z } [36mfrom[0m [32m"zod"[0m;
  [90m3 |[0m [36mimport[0m [36mtype[0m { [33mViolation[0m } [36mfrom[0m [32m"@/lib/law-engine/schema"[0m;
  [90m4 |[0m [36mimport[0m [36mtype[0m { [33mVehicleTypeInput[0m } [36mfrom[0m 
[32m"@/lib/law-engine/types"[0m;



Import traces:
  Edge App Route:
    ./src/lib/llm/gemini.ts
    ./src/app/api/scan/route.ts

  Client Component Browser:
    ./src/lib/llm/gemini.ts [Client Component Browser]
    ./src/lib/llm/router.ts [Client Component Browser]
    ./src/app/ask/page.tsx [Client Component Browser]
    ./src/app/ask/page.tsx [Server Component]

  Client Component SSR:
    ./src/lib/llm/gemini.ts [Client Component SSR]
    ./src/lib/llm/router.ts [Client Component SSR]
    ./src/app/ask/page.tsx [Client Component SSR]
    ./src/app/ask/page.tsx [Server Component]

https://nextjs.org/docs/messages/module-not-found


    at <unknown> (./src/app/ask/page.tsx:17:1)
    at <unknown> (https://nextjs.org/docs/messages/module-not-found)
    at <unknown> (./src/app/api/simulate/route.ts:3:1)
    at <unknown> (https://nextjs.org/docs/messages/module-not-found)
    at <unknown> (./src/lib/llm/gemini.ts:1:1)
    at <unknown> (https://nextjs.org/docs/messages/module-not-found)
